// Jest Snapshot v1, https://goo.gl/fbAQLP

exports[`Should render NotFoundPage 1`] = `
<div>
  404 - 
  <NavLink
    activeClassName="active"
    ariaCurrent="true"
    exact={true}
    to="/"
  >
    Go Home
  </NavLink>
</div>
`;
